{"name":"Test","protocol_version":"2","integration_version":"0.0.1","data":[{"entity":{"name":"test","type":"testEntity"},"metrics":[{"bucket.activeResidentItemsRatio":0,"bucket.averageDiskCommitTimeInMilliseconds":0,"bucket.averageDiskUpdateTimeInMilliseconds":0,"bucket.cacheMissRatio":0,"bucket.currentConnections":0,"bucket.decrementHitsPerSecond":0,"bucket.decrementMissesPerSecond":0,"bucket.deleteHitsPerSecond":0,"bucket.deleteMissesPerSecond":0,"bucket.diskCreateOperationsPerSecond":0,"bucket.diskUpdateOperationsPerSecond":0,"bucket.diskWriteQueue":0,"bucket.ejectionsPerSecond":0,"bucket.evictionsPerSecond":0,"bucket.getHitsPerSecond":0,"bucket.getMissesPerSecond":0,"bucket.hitRatio":0,"bucket.incrementHitsPerSecond":0,"bucket.incrementMissesPerSecond":0,"bucket.memoryHighWaterMarkInBytes":0,"bucket.memoryLowWaterMarkInBytes":0,"bucket.metadataInRAMInBytes":0,"bucket.missesPerSecond":0,"bucket.outOfMemoryErrorsPerSecond":0,"bucket.overheadInBytes":0,"bucket.pendingResidentItemsRatio":0,"bucket.readOperationsPerSecond":0,"bucket.readRatePerSecond":0,"bucket.replicaNumber":0,"bucket.replicaResidentItemsRatio":0,"bucket.residentItemsRatio":0,"bucket.temporaryOutOfMemoryErrorsPerSecond":0,"bucket.writeOperationsPerSecond":0,"bucket.writeRatePerSecond":0,"displayName":"test","entityName":"testEntity:test","event_type":"CouchbaseBucketSample"}],"inventory":{},"events":[]}]}